running egg_info
writing ../../build/robot_simulation/robot_simulation.egg-info/PKG-INFO
writing dependency_links to ../../build/robot_simulation/robot_simulation.egg-info/dependency_links.txt
writing entry points to ../../build/robot_simulation/robot_simulation.egg-info/entry_points.txt
writing requirements to ../../build/robot_simulation/robot_simulation.egg-info/requires.txt
writing top-level names to ../../build/robot_simulation/robot_simulation.egg-info/top_level.txt
reading manifest file '../../build/robot_simulation/robot_simulation.egg-info/SOURCES.txt'
adding license file 'LICENSE'
writing manifest file '../../build/robot_simulation/robot_simulation.egg-info/SOURCES.txt'
running build
running build_py
running install
running install_lib
running install_data
copying worlds/world.sdf -> /home/gunwoong/workspace/pcd2scenegraph/install/robot_simulation/share/robot_simulation/worlds
running install_egg_info
removing '/home/gunwoong/workspace/pcd2scenegraph/install/robot_simulation/lib/python3.10/site-packages/robot_simulation-0.0.0-py3.10.egg-info' (and everything under it)
Copying ../../build/robot_simulation/robot_simulation.egg-info to /home/gunwoong/workspace/pcd2scenegraph/install/robot_simulation/lib/python3.10/site-packages/robot_simulation-0.0.0-py3.10.egg-info
running install_scripts
Installing pointcloud_publisher script to /home/gunwoong/workspace/pcd2scenegraph/install/robot_simulation/lib/robot_simulation
writing list of installed files to '/home/gunwoong/workspace/pcd2scenegraph/build/robot_simulation/install.log'
