[0.653s] Invoking command in '/home/gunwoong/workspace/pcd2scenegraph/src/robot_simulation': PYTHONPATH=/home/gunwoong/workspace/pcd2scenegraph/build/robot_simulation/prefix_override:/usr/lib/python3/dist-packages/colcon_core/task/python/colcon_distutils_commands:/home/gunwoong/workspace/pcd2scenegraph/install/robot_simulation/lib/python3.10/site-packages:${PYTHONPATH} /usr/bin/python3 -W ignore:setup.py install is deprecated -W ignore:easy_install command is deprecated setup.py egg_info --egg-base ../../build/robot_simulation build --build-base /home/gunwoong/workspace/pcd2scenegraph/build/robot_simulation/build install --record /home/gunwoong/workspace/pcd2scenegraph/build/robot_simulation/install.log --single-version-externally-managed install_data
[0.877s] running egg_info
[0.878s] writing ../../build/robot_simulation/robot_simulation.egg-info/PKG-INFO
[0.878s] writing dependency_links to ../../build/robot_simulation/robot_simulation.egg-info/dependency_links.txt
[0.878s] writing entry points to ../../build/robot_simulation/robot_simulation.egg-info/entry_points.txt
[0.878s] writing requirements to ../../build/robot_simulation/robot_simulation.egg-info/requires.txt
[0.878s] writing top-level names to ../../build/robot_simulation/robot_simulation.egg-info/top_level.txt
[0.880s] reading manifest file '../../build/robot_simulation/robot_simulation.egg-info/SOURCES.txt'
[0.880s] adding license file 'LICENSE'
[0.881s] writing manifest file '../../build/robot_simulation/robot_simulation.egg-info/SOURCES.txt'
[0.881s] running build
[0.881s] running build_py
[0.881s] running install
[0.883s] running install_lib
[0.884s] running install_data
[0.884s] copying launch/robot_simulation.launch.py -> /home/gunwoong/workspace/pcd2scenegraph/install/robot_simulation/share/robot_simulation/launch
[0.884s] running install_egg_info
[0.886s] removing '/home/gunwoong/workspace/pcd2scenegraph/install/robot_simulation/lib/python3.10/site-packages/robot_simulation-0.0.0-py3.10.egg-info' (and everything under it)
[0.886s] Copying ../../build/robot_simulation/robot_simulation.egg-info to /home/gunwoong/workspace/pcd2scenegraph/install/robot_simulation/lib/python3.10/site-packages/robot_simulation-0.0.0-py3.10.egg-info
[0.887s] running install_scripts
[0.903s] Installing pointcloud_publisher script to /home/gunwoong/workspace/pcd2scenegraph/install/robot_simulation/lib/robot_simulation
[0.903s] writing list of installed files to '/home/gunwoong/workspace/pcd2scenegraph/build/robot_simulation/install.log'
[0.926s] Invoked command in '/home/gunwoong/workspace/pcd2scenegraph/src/robot_simulation' returned '0': PYTHONPATH=/home/gunwoong/workspace/pcd2scenegraph/build/robot_simulation/prefix_override:/usr/lib/python3/dist-packages/colcon_core/task/python/colcon_distutils_commands:/home/gunwoong/workspace/pcd2scenegraph/install/robot_simulation/lib/python3.10/site-packages:${PYTHONPATH} /usr/bin/python3 -W ignore:setup.py install is deprecated -W ignore:easy_install command is deprecated setup.py egg_info --egg-base ../../build/robot_simulation build --build-base /home/gunwoong/workspace/pcd2scenegraph/build/robot_simulation/build install --record /home/gunwoong/workspace/pcd2scenegraph/build/robot_simulation/install.log --single-version-externally-managed install_data
