/home/gunwoong/workspace/pcd2scenegraph/install/robot_simulation/lib/python3.10/site-packages/robot_simulation/__init__.py
/home/gunwoong/workspace/pcd2scenegraph/install/robot_simulation/lib/python3.10/site-packages/robot_simulation/pointcloud_publisher.py
/home/gunwoong/workspace/pcd2scenegraph/install/robot_simulation/lib/python3.10/site-packages/robot_simulation/__pycache__/__init__.cpython-310.pyc
/home/gunwoong/workspace/pcd2scenegraph/install/robot_simulation/lib/python3.10/site-packages/robot_simulation/__pycache__/pointcloud_publisher.cpython-310.pyc
/home/gunwoong/workspace/pcd2scenegraph/install/robot_simulation/share/ament_index/resource_index/packages/robot_simulation
/home/gunwoong/workspace/pcd2scenegraph/install/robot_simulation/share/robot_simulation/package.xml
/home/gunwoong/workspace/pcd2scenegraph/install/robot_simulation/share/robot_simulation/launch/robot_simulation.launch.py
/home/gunwoong/workspace/pcd2scenegraph/install/robot_simulation/share/robot_simulation/rviz/pointcloud.rviz
/home/gunwoong/workspace/pcd2scenegraph/install/robot_simulation/share/robot_simulation/worlds/meshes/mesh.obj
/home/gunwoong/workspace/pcd2scenegraph/install/robot_simulation/share/robot_simulation/worlds/cloudGlobal_cleaned_excluded.pcd
/home/gunwoong/workspace/pcd2scenegraph/install/robot_simulation/share/robot_simulation/worlds/world.sdf
/home/gunwoong/workspace/pcd2scenegraph/install/robot_simulation/share/robot_simulation/models/robot/model.config
/home/gunwoong/workspace/pcd2scenegraph/install/robot_simulation/share/robot_simulation/models/robot/robot.sdf
/home/gunwoong/workspace/pcd2scenegraph/install/robot_simulation/lib/python3.10/site-packages/robot_simulation-0.0.0-py3.10.egg-info/top_level.txt
/home/gunwoong/workspace/pcd2scenegraph/install/robot_simulation/lib/python3.10/site-packages/robot_simulation-0.0.0-py3.10.egg-info/SOURCES.txt
/home/gunwoong/workspace/pcd2scenegraph/install/robot_simulation/lib/python3.10/site-packages/robot_simulation-0.0.0-py3.10.egg-info/entry_points.txt
/home/gunwoong/workspace/pcd2scenegraph/install/robot_simulation/lib/python3.10/site-packages/robot_simulation-0.0.0-py3.10.egg-info/dependency_links.txt
/home/gunwoong/workspace/pcd2scenegraph/install/robot_simulation/lib/python3.10/site-packages/robot_simulation-0.0.0-py3.10.egg-info/PKG-INFO
/home/gunwoong/workspace/pcd2scenegraph/install/robot_simulation/lib/python3.10/site-packages/robot_simulation-0.0.0-py3.10.egg-info/requires.txt
/home/gunwoong/workspace/pcd2scenegraph/install/robot_simulation/lib/python3.10/site-packages/robot_simulation-0.0.0-py3.10.egg-info/zip-safe
/home/gunwoong/workspace/pcd2scenegraph/install/robot_simulation/lib/robot_simulation/pointcloud_publisher
