[0.757s] Invoking command in '/home/gunwoong/workspace/pcd2scenegraph/src/robot_simulation': PYTHONPATH=/home/gunwoong/workspace/pcd2scenegraph/build/robot_simulation/prefix_override:/usr/lib/python3/dist-packages/colcon_core/task/python/colcon_distutils_commands:/home/gunwoong/workspace/pcd2scenegraph/install/robot_simulation/lib/python3.10/site-packages:${PYTHONPATH} /usr/bin/python3 -W ignore:setup.py install is deprecated -W ignore:easy_install command is deprecated setup.py egg_info --egg-base ../../build/robot_simulation build --build-base /home/gunwoong/workspace/pcd2scenegraph/build/robot_simulation/build install --record /home/gunwoong/workspace/pcd2scenegraph/build/robot_simulation/install.log --single-version-externally-managed install_data
[1.025s] running egg_info
[1.026s] writing ../../build/robot_simulation/robot_simulation.egg-info/PKG-INFO
[1.026s] writing dependency_links to ../../build/robot_simulation/robot_simulation.egg-info/dependency_links.txt
[1.026s] writing entry points to ../../build/robot_simulation/robot_simulation.egg-info/entry_points.txt
[1.026s] writing requirements to ../../build/robot_simulation/robot_simulation.egg-info/requires.txt
[1.026s] writing top-level names to ../../build/robot_simulation/robot_simulation.egg-info/top_level.txt
[1.028s] reading manifest file '../../build/robot_simulation/robot_simulation.egg-info/SOURCES.txt'
[1.029s] adding license file 'LICENSE'
[1.029s] writing manifest file '../../build/robot_simulation/robot_simulation.egg-info/SOURCES.txt'
[1.030s] running build
[1.030s] running build_py
[1.030s] running install
[1.032s] running install_lib
[1.033s] running install_data
[1.033s] running install_egg_info
[1.036s] removing '/home/gunwoong/workspace/pcd2scenegraph/install/robot_simulation/lib/python3.10/site-packages/robot_simulation-0.0.0-py3.10.egg-info' (and everything under it)
[1.036s] Copying ../../build/robot_simulation/robot_simulation.egg-info to /home/gunwoong/workspace/pcd2scenegraph/install/robot_simulation/lib/python3.10/site-packages/robot_simulation-0.0.0-py3.10.egg-info
[1.037s] running install_scripts
[1.055s] Installing pointcloud_publisher script to /home/gunwoong/workspace/pcd2scenegraph/install/robot_simulation/lib/robot_simulation
[1.055s] writing list of installed files to '/home/gunwoong/workspace/pcd2scenegraph/build/robot_simulation/install.log'
[1.080s] Invoked command in '/home/gunwoong/workspace/pcd2scenegraph/src/robot_simulation' returned '0': PYTHONPATH=/home/gunwoong/workspace/pcd2scenegraph/build/robot_simulation/prefix_override:/usr/lib/python3/dist-packages/colcon_core/task/python/colcon_distutils_commands:/home/gunwoong/workspace/pcd2scenegraph/install/robot_simulation/lib/python3.10/site-packages:${PYTHONPATH} /usr/bin/python3 -W ignore:setup.py install is deprecated -W ignore:easy_install command is deprecated setup.py egg_info --egg-base ../../build/robot_simulation build --build-base /home/gunwoong/workspace/pcd2scenegraph/build/robot_simulation/build install --record /home/gunwoong/workspace/pcd2scenegraph/build/robot_simulation/install.log --single-version-externally-managed install_data
