running egg_info
writing ../../build/robot_simulation/robot_simulation.egg-info/PKG-INFO
writing dependency_links to ../../build/robot_simulation/robot_simulation.egg-info/dependency_links.txt
writing entry points to ../../build/robot_simulation/robot_simulation.egg-info/entry_points.txt
writing requirements to ../../build/robot_simulation/robot_simulation.egg-info/requires.txt
writing top-level names to ../../build/robot_simulation/robot_simulation.egg-info/top_level.txt
reading manifest file '../../build/robot_simulation/robot_simulation.egg-info/SOURCES.txt'
adding license file 'LICENSE'
writing manifest file '../../build/robot_simulation/robot_simulation.egg-info/SOURCES.txt'
running build
running build_py
running install
running install_lib
running install_data
copying launch/robot_simulation.launch.py -> /home/gunwoong/workspace/pcd2scenegraph/install/robot_simulation/share/robot_simulation/launch
creating /home/gunwoong/workspace/pcd2scenegraph/install/robot_simulation/share/robot_simulation/models
creating /home/gunwoong/workspace/pcd2scenegraph/install/robot_simulation/share/robot_simulation/models/robot
copying models/robot/robot.sdf -> /home/gunwoong/workspace/pcd2scenegraph/install/robot_simulation/share/robot_simulation/models/robot/.
copying models/robot/model.config -> /home/gunwoong/workspace/pcd2scenegraph/install/robot_simulation/share/robot_simulation/models/robot/.
creating /home/gunwoong/workspace/pcd2scenegraph/install/robot_simulation/share/robot_simulation/models/robot/meshes
creating /home/gunwoong/workspace/pcd2scenegraph/install/robot_simulation/share/robot_simulation/models/robot/meshes/STL
creating /home/gunwoong/workspace/pcd2scenegraph/install/robot_simulation/share/robot_simulation/models/robot/meshes/STL/base
copying models/robot/meshes/STL/base/base_link.stl -> /home/gunwoong/workspace/pcd2scenegraph/install/robot_simulation/share/robot_simulation/models/robot/meshes/STL/base
creating /home/gunwoong/workspace/pcd2scenegraph/install/robot_simulation/share/robot_simulation/models/robot/meshes/STL/suspension
copying models/robot/meshes/STL/suspension/front_right_sus.stl -> /home/gunwoong/workspace/pcd2scenegraph/install/robot_simulation/share/robot_simulation/models/robot/meshes/STL/suspension
copying models/robot/meshes/STL/suspension/front_left_sus.stl -> /home/gunwoong/workspace/pcd2scenegraph/install/robot_simulation/share/robot_simulation/models/robot/meshes/STL/suspension
creating /home/gunwoong/workspace/pcd2scenegraph/install/robot_simulation/share/robot_simulation/models/robot/meshes/STL/camera
copying models/robot/meshes/STL/camera/camera.stl -> /home/gunwoong/workspace/pcd2scenegraph/install/robot_simulation/share/robot_simulation/models/robot/meshes/STL/camera
creating /home/gunwoong/workspace/pcd2scenegraph/install/robot_simulation/share/robot_simulation/models/robot/meshes/STL/front_wheel
copying models/robot/meshes/STL/front_wheel/wheel.stl -> /home/gunwoong/workspace/pcd2scenegraph/install/robot_simulation/share/robot_simulation/models/robot/meshes/STL/front_wheel
creating /home/gunwoong/workspace/pcd2scenegraph/install/robot_simulation/share/robot_simulation/models/robot/meshes/STL/rear_wheel
copying models/robot/meshes/STL/rear_wheel/wheel.stl -> /home/gunwoong/workspace/pcd2scenegraph/install/robot_simulation/share/robot_simulation/models/robot/meshes/STL/rear_wheel
creating /home/gunwoong/workspace/pcd2scenegraph/install/robot_simulation/share/robot_simulation/models/robot/meshes/DAE
creating /home/gunwoong/workspace/pcd2scenegraph/install/robot_simulation/share/robot_simulation/models/robot/meshes/DAE/base
copying models/robot/meshes/DAE/base/base_link.dae -> /home/gunwoong/workspace/pcd2scenegraph/install/robot_simulation/share/robot_simulation/models/robot/meshes/DAE/base
creating /home/gunwoong/workspace/pcd2scenegraph/install/robot_simulation/share/robot_simulation/models/robot/meshes/DAE/suspension
copying models/robot/meshes/DAE/suspension/front_left_sus.dae -> /home/gunwoong/workspace/pcd2scenegraph/install/robot_simulation/share/robot_simulation/models/robot/meshes/DAE/suspension
copying models/robot/meshes/DAE/suspension/front_right_sus.dae -> /home/gunwoong/workspace/pcd2scenegraph/install/robot_simulation/share/robot_simulation/models/robot/meshes/DAE/suspension
creating /home/gunwoong/workspace/pcd2scenegraph/install/robot_simulation/share/robot_simulation/models/robot/meshes/DAE/camera
copying models/robot/meshes/DAE/camera/camera.dae -> /home/gunwoong/workspace/pcd2scenegraph/install/robot_simulation/share/robot_simulation/models/robot/meshes/DAE/camera
creating /home/gunwoong/workspace/pcd2scenegraph/install/robot_simulation/share/robot_simulation/models/robot/meshes/DAE/front_wheel
copying models/robot/meshes/DAE/front_wheel/wheel.dae -> /home/gunwoong/workspace/pcd2scenegraph/install/robot_simulation/share/robot_simulation/models/robot/meshes/DAE/front_wheel
creating /home/gunwoong/workspace/pcd2scenegraph/install/robot_simulation/share/robot_simulation/models/robot/meshes/DAE/rear_wheel
copying models/robot/meshes/DAE/rear_wheel/wheel.dae -> /home/gunwoong/workspace/pcd2scenegraph/install/robot_simulation/share/robot_simulation/models/robot/meshes/DAE/rear_wheel
creating /home/gunwoong/workspace/pcd2scenegraph/install/robot_simulation/share/robot_simulation/models/robot/meshes/DAE/camera_stay
copying models/robot/meshes/DAE/camera_stay/camera_stay.dae -> /home/gunwoong/workspace/pcd2scenegraph/install/robot_simulation/share/robot_simulation/models/robot/meshes/DAE/camera_stay
running install_egg_info
removing '/home/gunwoong/workspace/pcd2scenegraph/install/robot_simulation/lib/python3.10/site-packages/robot_simulation-0.0.0-py3.10.egg-info' (and everything under it)
Copying ../../build/robot_simulation/robot_simulation.egg-info to /home/gunwoong/workspace/pcd2scenegraph/install/robot_simulation/lib/python3.10/site-packages/robot_simulation-0.0.0-py3.10.egg-info
running install_scripts
Installing pointcloud_publisher script to /home/gunwoong/workspace/pcd2scenegraph/install/robot_simulation/lib/robot_simulation
writing list of installed files to '/home/gunwoong/workspace/pcd2scenegraph/build/robot_simulation/install.log'
