[0.656s] Invoking command in '/home/gunwoong/workspace/pcd2scenegraph/src/robot_simulation': PYTHONPATH=/home/gunwoong/workspace/pcd2scenegraph/build/robot_simulation/prefix_override:/usr/lib/python3/dist-packages/colcon_core/task/python/colcon_distutils_commands:/home/gunwoong/workspace/pcd2scenegraph/install/robot_simulation/lib/python3.10/site-packages:${PYTHONPATH} /usr/bin/python3 -W ignore:setup.py install is deprecated -W ignore:easy_install command is deprecated setup.py egg_info --egg-base ../../build/robot_simulation build --build-base /home/gunwoong/workspace/pcd2scenegraph/build/robot_simulation/build install --record /home/gunwoong/workspace/pcd2scenegraph/build/robot_simulation/install.log --single-version-externally-managed install_data
[0.885s] running egg_info
[0.885s] writing ../../build/robot_simulation/robot_simulation.egg-info/PKG-INFO
[0.886s] writing dependency_links to ../../build/robot_simulation/robot_simulation.egg-info/dependency_links.txt
[0.886s] writing entry points to ../../build/robot_simulation/robot_simulation.egg-info/entry_points.txt
[0.886s] writing requirements to ../../build/robot_simulation/robot_simulation.egg-info/requires.txt
[0.886s] writing top-level names to ../../build/robot_simulation/robot_simulation.egg-info/top_level.txt
[0.888s] reading manifest file '../../build/robot_simulation/robot_simulation.egg-info/SOURCES.txt'
[0.888s] adding license file 'LICENSE'
[0.890s] writing manifest file '../../build/robot_simulation/robot_simulation.egg-info/SOURCES.txt'
[0.890s] running build
[0.890s] running build_py
[0.890s] running install
[0.892s] running install_lib
[0.893s] running install_data
[0.893s] copying launch/robot_simulation.launch.py -> /home/gunwoong/workspace/pcd2scenegraph/install/robot_simulation/share/robot_simulation/launch
[0.893s] creating /home/gunwoong/workspace/pcd2scenegraph/install/robot_simulation/share/robot_simulation/models
[0.893s] creating /home/gunwoong/workspace/pcd2scenegraph/install/robot_simulation/share/robot_simulation/models/robot
[0.893s] copying models/robot/robot.sdf -> /home/gunwoong/workspace/pcd2scenegraph/install/robot_simulation/share/robot_simulation/models/robot/.
[0.893s] copying models/robot/model.config -> /home/gunwoong/workspace/pcd2scenegraph/install/robot_simulation/share/robot_simulation/models/robot/.
[0.893s] creating /home/gunwoong/workspace/pcd2scenegraph/install/robot_simulation/share/robot_simulation/models/robot/meshes
[0.894s] creating /home/gunwoong/workspace/pcd2scenegraph/install/robot_simulation/share/robot_simulation/models/robot/meshes/STL
[0.894s] creating /home/gunwoong/workspace/pcd2scenegraph/install/robot_simulation/share/robot_simulation/models/robot/meshes/STL/base
[0.894s] copying models/robot/meshes/STL/base/base_link.stl -> /home/gunwoong/workspace/pcd2scenegraph/install/robot_simulation/share/robot_simulation/models/robot/meshes/STL/base
[0.894s] creating /home/gunwoong/workspace/pcd2scenegraph/install/robot_simulation/share/robot_simulation/models/robot/meshes/STL/suspension
[0.894s] copying models/robot/meshes/STL/suspension/front_right_sus.stl -> /home/gunwoong/workspace/pcd2scenegraph/install/robot_simulation/share/robot_simulation/models/robot/meshes/STL/suspension
[0.894s] copying models/robot/meshes/STL/suspension/front_left_sus.stl -> /home/gunwoong/workspace/pcd2scenegraph/install/robot_simulation/share/robot_simulation/models/robot/meshes/STL/suspension
[0.894s] creating /home/gunwoong/workspace/pcd2scenegraph/install/robot_simulation/share/robot_simulation/models/robot/meshes/STL/camera
[0.894s] copying models/robot/meshes/STL/camera/camera.stl -> /home/gunwoong/workspace/pcd2scenegraph/install/robot_simulation/share/robot_simulation/models/robot/meshes/STL/camera
[0.895s] creating /home/gunwoong/workspace/pcd2scenegraph/install/robot_simulation/share/robot_simulation/models/robot/meshes/STL/front_wheel
[0.895s] copying models/robot/meshes/STL/front_wheel/wheel.stl -> /home/gunwoong/workspace/pcd2scenegraph/install/robot_simulation/share/robot_simulation/models/robot/meshes/STL/front_wheel
[0.895s] creating /home/gunwoong/workspace/pcd2scenegraph/install/robot_simulation/share/robot_simulation/models/robot/meshes/STL/rear_wheel
[0.895s] copying models/robot/meshes/STL/rear_wheel/wheel.stl -> /home/gunwoong/workspace/pcd2scenegraph/install/robot_simulation/share/robot_simulation/models/robot/meshes/STL/rear_wheel
[0.895s] creating /home/gunwoong/workspace/pcd2scenegraph/install/robot_simulation/share/robot_simulation/models/robot/meshes/DAE
[0.895s] creating /home/gunwoong/workspace/pcd2scenegraph/install/robot_simulation/share/robot_simulation/models/robot/meshes/DAE/base
[0.896s] copying models/robot/meshes/DAE/base/base_link.dae -> /home/gunwoong/workspace/pcd2scenegraph/install/robot_simulation/share/robot_simulation/models/robot/meshes/DAE/base
[0.896s] creating /home/gunwoong/workspace/pcd2scenegraph/install/robot_simulation/share/robot_simulation/models/robot/meshes/DAE/suspension
[0.896s] copying models/robot/meshes/DAE/suspension/front_left_sus.dae -> /home/gunwoong/workspace/pcd2scenegraph/install/robot_simulation/share/robot_simulation/models/robot/meshes/DAE/suspension
[0.896s] copying models/robot/meshes/DAE/suspension/front_right_sus.dae -> /home/gunwoong/workspace/pcd2scenegraph/install/robot_simulation/share/robot_simulation/models/robot/meshes/DAE/suspension
[0.896s] creating /home/gunwoong/workspace/pcd2scenegraph/install/robot_simulation/share/robot_simulation/models/robot/meshes/DAE/camera
[0.897s] copying models/robot/meshes/DAE/camera/camera.dae -> /home/gunwoong/workspace/pcd2scenegraph/install/robot_simulation/share/robot_simulation/models/robot/meshes/DAE/camera
[0.897s] creating /home/gunwoong/workspace/pcd2scenegraph/install/robot_simulation/share/robot_simulation/models/robot/meshes/DAE/front_wheel
[0.897s] copying models/robot/meshes/DAE/front_wheel/wheel.dae -> /home/gunwoong/workspace/pcd2scenegraph/install/robot_simulation/share/robot_simulation/models/robot/meshes/DAE/front_wheel
[0.897s] creating /home/gunwoong/workspace/pcd2scenegraph/install/robot_simulation/share/robot_simulation/models/robot/meshes/DAE/rear_wheel
[0.897s] copying models/robot/meshes/DAE/rear_wheel/wheel.dae -> /home/gunwoong/workspace/pcd2scenegraph/install/robot_simulation/share/robot_simulation/models/robot/meshes/DAE/rear_wheel
[0.898s] creating /home/gunwoong/workspace/pcd2scenegraph/install/robot_simulation/share/robot_simulation/models/robot/meshes/DAE/camera_stay
[0.898s] copying models/robot/meshes/DAE/camera_stay/camera_stay.dae -> /home/gunwoong/workspace/pcd2scenegraph/install/robot_simulation/share/robot_simulation/models/robot/meshes/DAE/camera_stay
[0.898s] running install_egg_info
[0.901s] removing '/home/gunwoong/workspace/pcd2scenegraph/install/robot_simulation/lib/python3.10/site-packages/robot_simulation-0.0.0-py3.10.egg-info' (and everything under it)
[0.901s] Copying ../../build/robot_simulation/robot_simulation.egg-info to /home/gunwoong/workspace/pcd2scenegraph/install/robot_simulation/lib/python3.10/site-packages/robot_simulation-0.0.0-py3.10.egg-info
[0.902s] running install_scripts
[0.919s] Installing pointcloud_publisher script to /home/gunwoong/workspace/pcd2scenegraph/install/robot_simulation/lib/robot_simulation
[0.919s] writing list of installed files to '/home/gunwoong/workspace/pcd2scenegraph/build/robot_simulation/install.log'
[0.947s] Invoked command in '/home/gunwoong/workspace/pcd2scenegraph/src/robot_simulation' returned '0': PYTHONPATH=/home/gunwoong/workspace/pcd2scenegraph/build/robot_simulation/prefix_override:/usr/lib/python3/dist-packages/colcon_core/task/python/colcon_distutils_commands:/home/gunwoong/workspace/pcd2scenegraph/install/robot_simulation/lib/python3.10/site-packages:${PYTHONPATH} /usr/bin/python3 -W ignore:setup.py install is deprecated -W ignore:easy_install command is deprecated setup.py egg_info --egg-base ../../build/robot_simulation build --build-base /home/gunwoong/workspace/pcd2scenegraph/build/robot_simulation/build install --record /home/gunwoong/workspace/pcd2scenegraph/build/robot_simulation/install.log --single-version-externally-managed install_data
