running egg_info
creating ../../build/robot_simulation/robot_simulation.egg-info
writing ../../build/robot_simulation/robot_simulation.egg-info/PKG-INFO
writing dependency_links to ../../build/robot_simulation/robot_simulation.egg-info/dependency_links.txt
writing entry points to ../../build/robot_simulation/robot_simulation.egg-info/entry_points.txt
writing requirements to ../../build/robot_simulation/robot_simulation.egg-info/requires.txt
writing top-level names to ../../build/robot_simulation/robot_simulation.egg-info/top_level.txt
writing manifest file '../../build/robot_simulation/robot_simulation.egg-info/SOURCES.txt'
reading manifest file '../../build/robot_simulation/robot_simulation.egg-info/SOURCES.txt'
adding license file 'LICENSE'
writing manifest file '../../build/robot_simulation/robot_simulation.egg-info/SOURCES.txt'
running build
running build_py
creating /home/gunwoong/workspace/pcd2scenegraph/build/robot_simulation/build
creating /home/gunwoong/workspace/pcd2scenegraph/build/robot_simulation/build/lib
creating /home/gunwoong/workspace/pcd2scenegraph/build/robot_simulation/build/lib/robot_simulation
copying robot_simulation/__init__.py -> /home/gunwoong/workspace/pcd2scenegraph/build/robot_simulation/build/lib/robot_simulation
copying robot_simulation/pointcloud_publisher.py -> /home/gunwoong/workspace/pcd2scenegraph/build/robot_simulation/build/lib/robot_simulation
running install
running install_lib
creating /home/gunwoong/workspace/pcd2scenegraph/install/robot_simulation/lib/python3.10/site-packages/robot_simulation
copying /home/gunwoong/workspace/pcd2scenegraph/build/robot_simulation/build/lib/robot_simulation/__init__.py -> /home/gunwoong/workspace/pcd2scenegraph/install/robot_simulation/lib/python3.10/site-packages/robot_simulation
copying /home/gunwoong/workspace/pcd2scenegraph/build/robot_simulation/build/lib/robot_simulation/pointcloud_publisher.py -> /home/gunwoong/workspace/pcd2scenegraph/install/robot_simulation/lib/python3.10/site-packages/robot_simulation
byte-compiling /home/gunwoong/workspace/pcd2scenegraph/install/robot_simulation/lib/python3.10/site-packages/robot_simulation/__init__.py to __init__.cpython-310.pyc
byte-compiling /home/gunwoong/workspace/pcd2scenegraph/install/robot_simulation/lib/python3.10/site-packages/robot_simulation/pointcloud_publisher.py to pointcloud_publisher.cpython-310.pyc
running install_data
creating /home/gunwoong/workspace/pcd2scenegraph/install/robot_simulation/share/ament_index
creating /home/gunwoong/workspace/pcd2scenegraph/install/robot_simulation/share/ament_index/resource_index
creating /home/gunwoong/workspace/pcd2scenegraph/install/robot_simulation/share/ament_index/resource_index/packages
copying resource/robot_simulation -> /home/gunwoong/workspace/pcd2scenegraph/install/robot_simulation/share/ament_index/resource_index/packages
copying package.xml -> /home/gunwoong/workspace/pcd2scenegraph/install/robot_simulation/share/robot_simulation
creating /home/gunwoong/workspace/pcd2scenegraph/install/robot_simulation/share/robot_simulation/launch
copying launch/robot_simulation.py -> /home/gunwoong/workspace/pcd2scenegraph/install/robot_simulation/share/robot_simulation/launch
creating /home/gunwoong/workspace/pcd2scenegraph/install/robot_simulation/share/robot_simulation/rviz
copying rviz/pointcloud.rviz -> /home/gunwoong/workspace/pcd2scenegraph/install/robot_simulation/share/robot_simulation/rviz
creating /home/gunwoong/workspace/pcd2scenegraph/install/robot_simulation/share/robot_simulation/worlds
creating /home/gunwoong/workspace/pcd2scenegraph/install/robot_simulation/share/robot_simulation/worlds/meshes
copying worlds/meshes/mesh.obj -> /home/gunwoong/workspace/pcd2scenegraph/install/robot_simulation/share/robot_simulation/worlds/meshes
copying worlds/cloudGlobal_cleaned_excluded.pcd -> /home/gunwoong/workspace/pcd2scenegraph/install/robot_simulation/share/robot_simulation/worlds
copying worlds/world.sdf -> /home/gunwoong/workspace/pcd2scenegraph/install/robot_simulation/share/robot_simulation/worlds
running install_egg_info
Copying ../../build/robot_simulation/robot_simulation.egg-info to /home/gunwoong/workspace/pcd2scenegraph/install/robot_simulation/lib/python3.10/site-packages/robot_simulation-0.0.0-py3.10.egg-info
running install_scripts
Installing pointcloud_publisher script to /home/gunwoong/workspace/pcd2scenegraph/install/robot_simulation/lib/robot_simulation
writing list of installed files to '/home/gunwoong/workspace/pcd2scenegraph/build/robot_simulation/install.log'
