[0.903s] Invoking command in '/home/gunwoong/workspace/pcd2scenegraph/src/robot_simulation': PYTHONPATH=/home/gunwoong/workspace/pcd2scenegraph/build/robot_simulation/prefix_override:/usr/lib/python3/dist-packages/colcon_core/task/python/colcon_distutils_commands:/home/gunwoong/workspace/pcd2scenegraph/install/robot_simulation/lib/python3.10/site-packages:${PYTHONPATH} /usr/bin/python3 -W ignore:setup.py install is deprecated -W ignore:easy_install command is deprecated setup.py egg_info --egg-base ../../build/robot_simulation build --build-base /home/gunwoong/workspace/pcd2scenegraph/build/robot_simulation/build install --record /home/gunwoong/workspace/pcd2scenegraph/build/robot_simulation/install.log --single-version-externally-managed install_data
[1.178s] running egg_info
[1.178s] creating ../../build/robot_simulation/robot_simulation.egg-info
[1.179s] writing ../../build/robot_simulation/robot_simulation.egg-info/PKG-INFO
[1.179s] writing dependency_links to ../../build/robot_simulation/robot_simulation.egg-info/dependency_links.txt
[1.179s] writing entry points to ../../build/robot_simulation/robot_simulation.egg-info/entry_points.txt
[1.179s] writing requirements to ../../build/robot_simulation/robot_simulation.egg-info/requires.txt
[1.179s] writing top-level names to ../../build/robot_simulation/robot_simulation.egg-info/top_level.txt
[1.179s] writing manifest file '../../build/robot_simulation/robot_simulation.egg-info/SOURCES.txt'
[1.181s] reading manifest file '../../build/robot_simulation/robot_simulation.egg-info/SOURCES.txt'
[1.181s] adding license file 'LICENSE'
[1.181s] writing manifest file '../../build/robot_simulation/robot_simulation.egg-info/SOURCES.txt'
[1.182s] running build
[1.182s] running build_py
[1.182s] creating /home/gunwoong/workspace/pcd2scenegraph/build/robot_simulation/build
[1.182s] creating /home/gunwoong/workspace/pcd2scenegraph/build/robot_simulation/build/lib
[1.182s] creating /home/gunwoong/workspace/pcd2scenegraph/build/robot_simulation/build/lib/robot_simulation
[1.182s] copying robot_simulation/__init__.py -> /home/gunwoong/workspace/pcd2scenegraph/build/robot_simulation/build/lib/robot_simulation
[1.182s] copying robot_simulation/pointcloud_publisher.py -> /home/gunwoong/workspace/pcd2scenegraph/build/robot_simulation/build/lib/robot_simulation
[1.182s] running install
[1.184s] running install_lib
[1.184s] creating /home/gunwoong/workspace/pcd2scenegraph/install/robot_simulation/lib/python3.10/site-packages/robot_simulation
[1.185s] copying /home/gunwoong/workspace/pcd2scenegraph/build/robot_simulation/build/lib/robot_simulation/__init__.py -> /home/gunwoong/workspace/pcd2scenegraph/install/robot_simulation/lib/python3.10/site-packages/robot_simulation
[1.185s] copying /home/gunwoong/workspace/pcd2scenegraph/build/robot_simulation/build/lib/robot_simulation/pointcloud_publisher.py -> /home/gunwoong/workspace/pcd2scenegraph/install/robot_simulation/lib/python3.10/site-packages/robot_simulation
[1.185s] byte-compiling /home/gunwoong/workspace/pcd2scenegraph/install/robot_simulation/lib/python3.10/site-packages/robot_simulation/__init__.py to __init__.cpython-310.pyc
[1.185s] byte-compiling /home/gunwoong/workspace/pcd2scenegraph/install/robot_simulation/lib/python3.10/site-packages/robot_simulation/pointcloud_publisher.py to pointcloud_publisher.cpython-310.pyc
[1.186s] running install_data
[1.186s] creating /home/gunwoong/workspace/pcd2scenegraph/install/robot_simulation/share/ament_index
[1.187s] creating /home/gunwoong/workspace/pcd2scenegraph/install/robot_simulation/share/ament_index/resource_index
[1.187s] creating /home/gunwoong/workspace/pcd2scenegraph/install/robot_simulation/share/ament_index/resource_index/packages
[1.187s] copying resource/robot_simulation -> /home/gunwoong/workspace/pcd2scenegraph/install/robot_simulation/share/ament_index/resource_index/packages
[1.187s] copying package.xml -> /home/gunwoong/workspace/pcd2scenegraph/install/robot_simulation/share/robot_simulation
[1.187s] creating /home/gunwoong/workspace/pcd2scenegraph/install/robot_simulation/share/robot_simulation/launch
[1.187s] copying launch/robot_simulation.py -> /home/gunwoong/workspace/pcd2scenegraph/install/robot_simulation/share/robot_simulation/launch
[1.187s] creating /home/gunwoong/workspace/pcd2scenegraph/install/robot_simulation/share/robot_simulation/rviz
[1.187s] copying rviz/pointcloud.rviz -> /home/gunwoong/workspace/pcd2scenegraph/install/robot_simulation/share/robot_simulation/rviz
[1.187s] creating /home/gunwoong/workspace/pcd2scenegraph/install/robot_simulation/share/robot_simulation/worlds
[1.187s] creating /home/gunwoong/workspace/pcd2scenegraph/install/robot_simulation/share/robot_simulation/worlds/meshes
[1.187s] copying worlds/meshes/mesh.obj -> /home/gunwoong/workspace/pcd2scenegraph/install/robot_simulation/share/robot_simulation/worlds/meshes
[1.213s] copying worlds/cloudGlobal_cleaned_excluded.pcd -> /home/gunwoong/workspace/pcd2scenegraph/install/robot_simulation/share/robot_simulation/worlds
[1.221s] copying worlds/world.sdf -> /home/gunwoong/workspace/pcd2scenegraph/install/robot_simulation/share/robot_simulation/worlds
[1.221s] running install_egg_info
[1.226s] Copying ../../build/robot_simulation/robot_simulation.egg-info to /home/gunwoong/workspace/pcd2scenegraph/install/robot_simulation/lib/python3.10/site-packages/robot_simulation-0.0.0-py3.10.egg-info
[1.227s] running install_scripts
[1.248s] Installing pointcloud_publisher script to /home/gunwoong/workspace/pcd2scenegraph/install/robot_simulation/lib/robot_simulation
[1.249s] writing list of installed files to '/home/gunwoong/workspace/pcd2scenegraph/build/robot_simulation/install.log'
[1.288s] Invoked command in '/home/gunwoong/workspace/pcd2scenegraph/src/robot_simulation' returned '0': PYTHONPATH=/home/gunwoong/workspace/pcd2scenegraph/build/robot_simulation/prefix_override:/usr/lib/python3/dist-packages/colcon_core/task/python/colcon_distutils_commands:/home/gunwoong/workspace/pcd2scenegraph/install/robot_simulation/lib/python3.10/site-packages:${PYTHONPATH} /usr/bin/python3 -W ignore:setup.py install is deprecated -W ignore:easy_install command is deprecated setup.py egg_info --egg-base ../../build/robot_simulation build --build-base /home/gunwoong/workspace/pcd2scenegraph/build/robot_simulation/build install --record /home/gunwoong/workspace/pcd2scenegraph/build/robot_simulation/install.log --single-version-externally-managed install_data
